// Jest Snapshot v1, https://goo.gl/fbAQLP

exports[`Header matches snapshot 1`] = `
<div
  className="Header-root-1"
>
  <header
    className="MuiPaper-root MuiPaper-elevation4 MuiAppBar-root MuiAppBar-positionFixed Header-header-2 MuiAppBar-colorPrimary mui-fixed"
  >
    <div
      className="MuiToolbar-root MuiToolbar-regular Header-toolbar-3 MuiToolbar-gutters"
    >
      <div
        className="Logo-logo-44"
      >
        <a
          href="/"
          onClick={[Function]}
        >
          <img
            alt="Entaxy logo"
            className="Logo-image-45"
            src="logo.png"
          />
        </a>
        <a
          className="MuiTypography-root Logo-title-46 MuiTypography-h6 MuiTypography-colorInherit"
          href="/"
          onClick={[Function]}
        >
          Entaxy
        </a>
      </div>
      <div>
        <a
          aria-disabled={false}
          className="MuiButtonBase-root MuiButton-root MuiButton-text MuiButton-textSecondary"
          href="/dashboard"
          onBlur={[Function]}
          onClick={[Function]}
          onDragLeave={[Function]}
          onFocus={[Function]}
          onKeyDown={[Function]}
          onKeyUp={[Function]}
          onMouseDown={[Function]}
          onMouseLeave={[Function]}
          onMouseUp={[Function]}
          onTouchEnd={[Function]}
          onTouchMove={[Function]}
          onTouchStart={[Function]}
          role="button"
          tabIndex={0}
        >
          <span
            className="MuiButton-label"
          >
            Dashboard
          </span>
        </a>
        <a
          aria-disabled={false}
          className="MuiButtonBase-root MuiButton-root MuiButton-text MuiButton-colorInherit"
          href="/accounts"
          onBlur={[Function]}
          onClick={[Function]}
          onDragLeave={[Function]}
          onFocus={[Function]}
          onKeyDown={[Function]}
          onKeyUp={[Function]}
          onMouseDown={[Function]}
          onMouseLeave={[Function]}
          onMouseUp={[Function]}
          onTouchEnd={[Function]}
          onTouchMove={[Function]}
          onTouchStart={[Function]}
          role="button"
          tabIndex={0}
        >
          <span
            className="MuiButton-label"
          >
            Accounts
          </span>
        </a>
        <a
          aria-disabled={false}
          className="MuiButtonBase-root MuiButton-root MuiButton-text MuiButton-colorInherit"
          href="/budget"
          onBlur={[Function]}
          onClick={[Function]}
          onDragLeave={[Function]}
          onFocus={[Function]}
          onKeyDown={[Function]}
          onKeyUp={[Function]}
          onMouseDown={[Function]}
          onMouseLeave={[Function]}
          onMouseUp={[Function]}
          onTouchEnd={[Function]}
          onTouchMove={[Function]}
          onTouchStart={[Function]}
          role="button"
          tabIndex={0}
        >
          <span
            className="MuiButton-label"
          >
            Budget
          </span>
        </a>
      </div>
      <LoginButton />
    </div>
  </header>
  <div>
    content
  </div>
</div>
`;
