// Jest Snapshot v1, https://goo.gl/fbAQLP

exports[`Import Transactions matches snapshot 1`] = `
<div
  className="MuiGrid-container-4 MuiGrid-justify-xs-center-21"
>
  <div
    className="MuiPaper-root-101 MuiPaper-elevation2-105 MuiPaper-rounded-102 ImportTransactionsComponent-root-1"
  >
    <div
      className="ImportTransactionsComponent-importHeader-2"
    >
      <h6
        className="MuiTypography-root-128 MuiTypography-h6-145 MuiTypography-alignCenter-151"
      >
        Import transactions from 
        TD
      </h6>
      <p
        className="MuiTypography-root-128 MuiTypography-body1-137"
      >
        <img
          alt="TD"
          className="InstitutionIcon-small-163 "
          src="undefined"
        />
      </p>
    </div>
    <hr
      className="MuiDivider-root-165"
    />
    <div
      className="MuiGrid-container-4"
    >
      <div
        className="MuiGrid-item-5 MuiGrid-grid-xs-3-35"
      >
        <ul
          className="MuiList-root-170 MuiList-padding-171"
        >
          <div
            className="MuiButtonBase-root-186 MuiListItem-root-174 MuiListItem-default-177 MuiListItem-gutters-182 MuiListItem-button-183 MuiListItem-selected-185"
            onBlur={[Function]}
            onContextMenu={[Function]}
            onFocus={[Function]}
            onKeyDown={[Function]}
            onKeyUp={[Function]}
            onMouseDown={[Function]}
            onMouseLeave={[Function]}
            onMouseUp={[Function]}
            onTouchEnd={[Function]}
            onTouchMove={[Function]}
            onTouchStart={[Function]}
            role="button"
            tabIndex="0"
          >
            <div
              className="MuiListItemText-root-189"
            >
              <span
                className="MuiTypography-root-128 MuiTypography-subheading-135 MuiListItemText-primary-192"
              >
                CSV
              </span>
            </div>
            <span
              className="MuiTouchRipple-root-229"
            />
          </div>
          <div
            className="MuiButtonBase-root-186 MuiButtonBase-disabled-187 MuiListItem-root-174 MuiListItem-default-177 MuiListItem-gutters-182 MuiListItem-disabled-180 MuiListItem-button-183"
            onBlur={[Function]}
            onContextMenu={[Function]}
            onFocus={[Function]}
            onKeyDown={[Function]}
            onKeyUp={[Function]}
            onMouseDown={[Function]}
            onMouseLeave={[Function]}
            onMouseUp={[Function]}
            onTouchEnd={[Function]}
            onTouchMove={[Function]}
            onTouchStart={[Function]}
            role="button"
            tabIndex="-1"
          >
            <div
              className="MuiListItemText-root-189"
            >
              <span
                className="MuiTypography-root-128 MuiTypography-subheading-135 MuiListItemText-primary-192"
              >
                Microsoft Money
              </span>
            </div>
          </div>
          <div
            className="MuiButtonBase-root-186 MuiButtonBase-disabled-187 MuiListItem-root-174 MuiListItem-default-177 MuiListItem-gutters-182 MuiListItem-disabled-180 MuiListItem-button-183"
            onBlur={[Function]}
            onContextMenu={[Function]}
            onFocus={[Function]}
            onKeyDown={[Function]}
            onKeyUp={[Function]}
            onMouseDown={[Function]}
            onMouseLeave={[Function]}
            onMouseUp={[Function]}
            onTouchEnd={[Function]}
            onTouchMove={[Function]}
            onTouchStart={[Function]}
            role="button"
            tabIndex="-1"
          >
            <div
              className="MuiListItemText-root-189"
            >
              <span
                className="MuiTypography-root-128 MuiTypography-subheading-135 MuiListItemText-primary-192"
              >
                Intuit Quicken
              </span>
            </div>
          </div>
          <div
            className="MuiButtonBase-root-186 MuiButtonBase-disabled-187 MuiListItem-root-174 MuiListItem-default-177 MuiListItem-gutters-182 MuiListItem-disabled-180 MuiListItem-button-183"
            onBlur={[Function]}
            onContextMenu={[Function]}
            onFocus={[Function]}
            onKeyDown={[Function]}
            onKeyUp={[Function]}
            onMouseDown={[Function]}
            onMouseLeave={[Function]}
            onMouseUp={[Function]}
            onTouchEnd={[Function]}
            onTouchMove={[Function]}
            onTouchStart={[Function]}
            role="button"
            tabIndex="-1"
          >
            <div
              className="MuiListItemText-root-189"
            >
              <span
                className="MuiTypography-root-128 MuiTypography-subheading-135 MuiListItemText-primary-192"
              >
                Intuit QuickBooks
              </span>
            </div>
          </div>
        </ul>
      </div>
      <div
        className="MuiGrid-item-5 MuiGrid-grid-xs-9-41"
      >
        <form
          onSubmit={[Function]}
        >
          <div
            className="CsvImportForm-root-195"
          >
            <div
              aria-disabled={false}
              className="CsvDropzone-root-201"
              onClick={[Function]}
              onDragEnter={[Function]}
              onDragLeave={[Function]}
              onDragOver={[Function]}
              onDragStart={[Function]}
              onDrop={[Function]}
              style={
                Object {
                  "position": "relative",
                }
              }
            >
              <div>
                <div>
                  <h4
                    className="MuiTypography-root-128 MuiTypography-h4-143 MuiTypography-colorTextSecondary-161 MuiTypography-alignCenter-151"
                  >
                    Drag a CSV file here
                  </h4>
                  <h6
                    className="MuiTypography-root-128 MuiTypography-subtitle2-147 MuiTypography-colorTextSecondary-161 MuiTypography-alignCenter-151"
                  >
                    or click to select a file to upload.
                  </h6>
                </div>
              </div>
              <input
                autoComplete="off"
                disabled={false}
                multiple={false}
                onChange={[Function]}
                style={
                  Object {
                    "bottom": 0,
                    "left": 0,
                    "opacity": 0.00001,
                    "pointerEvents": "none",
                    "position": "absolute",
                    "right": 0,
                    "top": 0,
                  }
                }
                type="file"
              />
            </div>
          </div>
          <hr
            className="MuiDivider-root-165"
          />
          <div
            className="CsvImportForm-formActions-197"
          >
            <div
              className="CsvImportForm-buttonWrapper-198"
            >
              <button
                className="MuiButtonBase-root-186 MuiButtonBase-disabled-187 MuiButton-root-203 MuiButton-contained-214 MuiButton-containedPrimary-215 MuiButton-raised-217 MuiButton-raisedPrimary-218 MuiButton-disabled-223"
                disabled={true}
                onBlur={[Function]}
                onContextMenu={[Function]}
                onFocus={[Function]}
                onKeyDown={[Function]}
                onKeyUp={[Function]}
                onMouseDown={[Function]}
                onMouseLeave={[Function]}
                onMouseUp={[Function]}
                onTouchEnd={[Function]}
                onTouchMove={[Function]}
                onTouchStart={[Function]}
                tabIndex="-1"
                type="submit"
              >
                <span
                  className="MuiButton-label-204"
                >
                  Import
                </span>
              </button>
            </div>
            <button
              className="MuiButtonBase-root-186 MuiButton-root-203 MuiButton-text-205 MuiButton-textSecondary-207 MuiButton-flat-208 MuiButton-flatSecondary-210"
              disabled={false}
              onBlur={[Function]}
              onClick={[Function]}
              onContextMenu={[Function]}
              onFocus={[Function]}
              onKeyDown={[Function]}
              onKeyUp={[Function]}
              onMouseDown={[Function]}
              onMouseLeave={[Function]}
              onMouseUp={[Function]}
              onTouchEnd={[Function]}
              onTouchMove={[Function]}
              onTouchStart={[Function]}
              tabIndex="0"
              type="button"
            >
              <span
                className="MuiButton-label-204"
              >
                Cancel
              </span>
              <span
                className="MuiTouchRipple-root-229"
              />
            </button>
          </div>
        </form>
      </div>
    </div>
  </div>
</div>
`;
